FAIL tests/components/material-list.test.tsx
  MaterialList
    √ renders empty message when items are empty (321 ms)
    √ renders default empty message when none provided (3 ms)
    √ renders list of items correctly (564 ms)
    √ does not render subtitle when absent (7 ms)
    √ opens URL when clicking download button (24 ms)
    √ renders download button only for items with PDF (19 ms)
    √ renders favorite button for each item (18 ms)
    openPDF
      √ navigates to pdf-viewer when a material row is pressed on native (18 ms)
      × opens URL directly when a material row is pressed on web (1 ms)
      × does nothing when a material row without PDF is pressed (82 ms)

  ● MaterialList › openPDF › opens URL directly when a material row is pressed on web

    TypeError: Cannot read properties of undefined (reading 'OS')

    [0m [90m  98 |[39m       [90m// Since Platform is required already, we can override its property for this test[39m
     [90m  99 |[39m       [36mconst[39m { [33mPlatform[39m } [33m=[39m require([32m'react-native'[39m)[33m;[39m
    [31m[1m>[22m[39m[90m 100 |[39m       [36mconst[39m originalOS [33m=[39m [33mPlatform[39m[33m.[39m[33mOS[39m[33m;[39m
     [90m     |[39m                                   [31m[1m^[22m[39m
     [90m 101 |[39m       [33mPlatform[39m[33m.[39m[33mOS[39m [33m=[39m [32m'web'[39m[33m;[39m
     [90m 102 |[39m
     [90m 103 |[39m       [36mconst[39m { getByLabelText } [33m=[39m render([33m<[39m[33mMaterialList[39m items[33m=[39m{mockItems [36mas[39m any} [33m/[39m[33m>[39m)[33m;[39m[0m

      at Object.OS (tests/components/material-list.test.tsx:100:35)

  ● MaterialList › openPDF › does nothing when a material row without PDF is pressed

    TypeError: Cannot read properties of undefined (reading 'select')

    [0m [90m 63 |[39m           [33m<[39m[33mView[39m style[33m=[39m{[
     [90m 64 |[39m             s[33m.[39miconWrap[33m,[39m
    [31m[1m>[22m[39m[90m 65 |[39m             t[33m.[39misDark [33m&&[39m [33mPlatform[39m[33m.[39mselect({
     [90m    |[39m                                  [31m[1m^[22m[39m
     [90m 66 |[39m               web[33m:[39m {
     [90m 67 |[39m                 boxShadow[33m:[39m [32m`0px 0px 5px ${t.accentGlow}`[39m [36mas[39m any[33m,[39m
     [90m 68 |[39m               }[33m,[39m[0m

      at select (components/material-list.tsx:65:34)
      at renderItem (node_modules/react-native/Libraries/Lists/FlatList.js:634:16)
      at render (node_modules/react-native/Libraries/Lists/FlatList.js:663:16)
      at CellRenderer.renderItem [as _renderElement] (node_modules/react-native/node_modules/@react-native/virtualized-lists/Lists/VirtualizedListCellRenderer.js:162:14)
      at CellRenderer._renderElement [as render] (node_modules/react-native/node_modules/@react-native/virtualized-lists/Lists/VirtualizedListCellRenderer.js:188:26)
      at Object.react-stack-bottom-frame (node_modules/react-test-renderer/cjs/react-test-renderer.development.js:13989:29)
      at updateClassComponent (node_modules/react-test-renderer/cjs/react-test-renderer.development.js:6554:25)
      at beginWork (node_modules/react-test-renderer/cjs/react-test-renderer.development.js:7488:13)
      at runWithFiberInDEV (node_modules/react-test-renderer/cjs/react-test-renderer.development.js:1574:13)
      at performUnitOfWork (node_modules/react-test-renderer/cjs/react-test-renderer.development.js:10972:22)
      at workLoopSync (node_modules/react-test-renderer/cjs/react-test-renderer.development.js:10816:41)
      at renderRootSync (node_modules/react-test-renderer/cjs/react-test-renderer.development.js:10797:11)
      at performWorkOnRoot (node_modules/react-test-renderer/cjs/react-test-renderer.development.js:10384:39)
      at performWorkOnRootViaSchedulerTask (node_modules/react-test-renderer/cjs/react-test-renderer.development.js:2094:7)
      at flushActQueue (node_modules/react/cjs/react.development.js:566:34)
      at Object.<anonymous>.process.env.NODE_ENV.exports.act (node_modules/react/cjs/react.development.js:859:10)
      at actImplementation (node_modules/@testing-library/react-native/src/act.ts:30:25)
      at renderWithAct (node_modules/@testing-library/react-native/src/render-act.ts:13:11)
      at renderInternal (node_modules/@testing-library/react-native/src/render.tsx:69:33)
      at renderInternal (node_modules/@testing-library/react-native/src/render.tsx:44:10)
      at Object.<anonymous> (tests/components/material-list.test.tsx:118:40)

Test Suites: 1 failed, 1 total
Tests:       2 failed, 8 passed, 10 total
Snapshots:   0 total
Time:        3.636 s, estimated 4 s
Ran all test suites matching /tests\\components\\material-list.test.tsx/i.
